 { 
 var a[1..1, 1..2] : integer
 var b[1..1, 3..10] : integer
 var c[-3..3, 4..7] : integer
 a[1, 1] : = 5
 b[1, 10] : = 0
 c[-(2), 7] : = -(2)
 }
