 { 
 if ((5) > (4)) and ((-(3)) < (4)) then
 write "PASS" else
 write "FAIL"end
 }
