 { 
 var i : integer
 var arr1[1..20] : integer
 var arr2[-10..10] : integer
 i : = 1
 while (i) <= (20) do
 { 
 read arr1[i]
 i : = (i) + (1)
 } 
 i : = -(10)
 while (i) <= (10) do
 { 
 read arr2[i]
 i : = (i) + (1)
 } 
 }