 { 
 function test : boolean { 
 return with true
 } 
 write test
 }
