 { 
 if (5) = (5) then
 write "PASS" else
 write "FAIL"end
 }
