 { 
 var x : integer
 x : = 0
 while (x) < (10) do
 { 
 exit
 } 
 }
