 { 
 function getNum : integer { 
 return with 10
 } 
 function test : integer { 
 return with getNum
 } 
 write test
 }
