 { 
 if true then
 write "PASS" else
 write "FAIL"end
 }
