 { 
 var a : integer
 var b, c : integer
 read a
 read b
 read c
 if (a) = (b) then
 write "a = b"end
 if ((a) + (b)) = (c) then
 { 
 write "valid"
 } else
 write "invalid"end
 if ((5) + (7)) > (11) then
 if ((9) - (3)) < (7) then
 if ((a) + (b)) = (c) then
 write "valid" else
 write "valid"end
 else
 write "invalid"end
 else
 write "invalid"end
 }
