 { 
 var a[1..4] : integer
 var b[1..10] : integer
 var c[-3..3] : integer
 a[1] : = 0
 b[10] : = 12
 c[-(1)] : = -(1)
 }
