 { 
 function test : integer { 
 return with 5
 } 
 write test
 }
