 { 
 procedure hello_world { 
 write "hello_world"
 return
 } 
 procedure foo(count : integer) { 
 var i : integer
 i : = 0
 while (i) < (count) do
 { 
 hello_world
 i : = (i) + (1)
 } 
 } 
 foo(10)
 }