 { 
 procedure printNum(n : integer) { 
 if (n) = (0) then
 { 
 write "I'm done!"
 write newline
 } else
 { 
 write n
 write newline
 printNum((n) - (1))
 } end
 } 
 printNum(3)
 }
