{
 Symbols:
 ret: integer
 foo: integer
 foo : integer{
 Symbols:
 a: integer
 {
 Symbols:
 b: integer
 {
 Symbols:
 }
 }
 }
