{
 Symbols:
 a: integer
 {
 Symbols:
 b: integer
 }
