{
 Symbols:
 a: integer
 {
 Symbols:
 b: integer
 a: integer
 {
 Symbols:
 b: integer
 a: integer
 c: integer
 }
 }
