{
 Symbols:
 fee: integer
 foo: null
 foo ( a: integer, b: integer ) {
 Symbols:
 }
 fee : integer ( a: integer, b: integer ) {
 Symbols:
 }
