{
 Symbols:
 b: integer
 a: integer
 foo: integer
 foo : integer{
 Symbols:
 b: integer
 a: integer
 }
