{
 Symbols:
 b: integer
 a: integer
 test: integer
 test : integer{
 Symbols:
 a: integer
 }