{
 Symbols:
 x: integer
 test2: integer
 test: integer
 test : integer{
 Symbols:
 }
 test2 : integer{
 Symbols:
 test: integer
 test : integer ( a: integer, b: boolean ) {
 Symbols:
 }
 }